--- Starting Test ---
Base Date (Monday): 2026-02-09

Scenario 1: Start 17:00, Duration 300m
[0] 17:00 - 18:30 | production (90.0m)
[1] 18:30 - 20:30 | maintenance_hp (120.0m)
[2] 20:30 - 00:00 | production (210.0m)
PASS: Prod duration correct
PASS: HP duration correct
PASS: End time correct (00:00)

Scenario 2: Start 18:00, Setup 60m, Prod 60m
[0] 18:00 - 19:00 | setup (60.0m)
[1] 19:00 - 20:30 | maintenance_hp (90.0m)
[2] 20:30 - 21:30 | production (60.0m)
PASS: HP duration 90m correct (reduced by overlap)
